Archive member included to satisfy reference by file (symbol)

D:/Program Files/STM32IDE/STM32CubeIDE_1.19.0/STM32CubeIDE/plugins/com.st.stm32cube.ide.mcu.externaltools.gnu-tools-for-stm32.13.3.rel1.win32_1.0.0.202411081344/tools/bin/../lib/gcc/arm-none-eabi/13.3.1/../../../../arm-none-eabi/lib/thumb/v6-m/nofp\libc_nano.a(libc_a-exit.o)
                              D:/Program Files/STM32IDE/STM32CubeIDE_1.19.0/STM32CubeIDE/plugins/com.st.stm32cube.ide.mcu.externaltools.gnu-tools-for-stm32.13.3.rel1.win32_1.0.0.202411081344/tools/bin/../lib/gcc/arm-none-eabi/13.3.1/../../../../arm-none-eabi/lib/thumb/v6-m/nofp/crt0.o (exit)
D:/Program Files/STM32IDE/STM32CubeIDE_1.19.0/STM32CubeIDE/plugins/com.st.stm32cube.ide.mcu.externaltools.gnu-tools-for-stm32.13.3.rel1.win32_1.0.0.202411081344/tools/bin/../lib/gcc/arm-none-eabi/13.3.1/../../../../arm-none-eabi/lib/thumb/v6-m/nofp\libc_nano.a(libc_a-findfp.o)
                              D:/Program Files/STM32IDE/STM32CubeIDE_1.19.0/STM32CubeIDE/plugins/com.st.stm32cube.ide.mcu.externaltools.gnu-tools-for-stm32.13.3.rel1.win32_1.0.0.202411081344/tools/bin/../lib/gcc/arm-none-eabi/13.3.1/../../../../arm-none-eabi/lib/thumb/v6-m/nofp\libc_nano.a(libc_a-exit.o) (__stdio_exit_handler)
D:/Program Files/STM32IDE/STM32CubeIDE_1.19.0/STM32CubeIDE/plugins/com.st.stm32cube.ide.mcu.externaltools.gnu-tools-for-stm32.13.3.rel1.win32_1.0.0.202411081344/tools/bin/../lib/gcc/arm-none-eabi/13.3.1/../../../../arm-none-eabi/lib/thumb/v6-m/nofp\libc_nano.a(libc_a-fwalk.o)
                              D:/Program Files/STM32IDE/STM32CubeIDE_1.19.0/STM32CubeIDE/plugins/com.st.stm32cube.ide.mcu.externaltools.gnu-tools-for-stm32.13.3.rel1.win32_1.0.0.202411081344/tools/bin/../lib/gcc/arm-none-eabi/13.3.1/../../../../arm-none-eabi/lib/thumb/v6-m/nofp\libc_nano.a(libc_a-findfp.o) (_fwalk_sglue)
D:/Program Files/STM32IDE/STM32CubeIDE_1.19.0/STM32CubeIDE/plugins/com.st.stm32cube.ide.mcu.externaltools.gnu-tools-for-stm32.13.3.rel1.win32_1.0.0.202411081344/tools/bin/../lib/gcc/arm-none-eabi/13.3.1/../../../../arm-none-eabi/lib/thumb/v6-m/nofp\libc_nano.a(libc_a-stdio.o)
                              D:/Program Files/STM32IDE/STM32CubeIDE_1.19.0/STM32CubeIDE/plugins/com.st.stm32cube.ide.mcu.externaltools.gnu-tools-for-stm32.13.3.rel1.win32_1.0.0.202411081344/tools/bin/../lib/gcc/arm-none-eabi/13.3.1/../../../../arm-none-eabi/lib/thumb/v6-m/nofp\libc_nano.a(libc_a-findfp.o) (__sread)
D:/Program Files/STM32IDE/STM32CubeIDE_1.19.0/STM32CubeIDE/plugins/com.st.stm32cube.ide.mcu.externaltools.gnu-tools-for-stm32.13.3.rel1.win32_1.0.0.202411081344/tools/bin/../lib/gcc/arm-none-eabi/13.3.1/../../../../arm-none-eabi/lib/thumb/v6-m/nofp\libc_nano.a(libc_a-memset.o)
                              D:/Program Files/STM32IDE/STM32CubeIDE_1.19.0/STM32CubeIDE/plugins/com.st.stm32cube.ide.mcu.externaltools.gnu-tools-for-stm32.13.3.rel1.win32_1.0.0.202411081344/tools/bin/../lib/gcc/arm-none-eabi/13.3.1/../../../../arm-none-eabi/lib/thumb/v6-m/nofp/crt0.o (memset)
D:/Program Files/STM32IDE/STM32CubeIDE_1.19.0/STM32CubeIDE/plugins/com.st.stm32cube.ide.mcu.externaltools.gnu-tools-for-stm32.13.3.rel1.win32_1.0.0.202411081344/tools/bin/../lib/gcc/arm-none-eabi/13.3.1/../../../../arm-none-eabi/lib/thumb/v6-m/nofp\libc_nano.a(libc_a-closer.o)
                              D:/Program Files/STM32IDE/STM32CubeIDE_1.19.0/STM32CubeIDE/plugins/com.st.stm32cube.ide.mcu.externaltools.gnu-tools-for-stm32.13.3.rel1.win32_1.0.0.202411081344/tools/bin/../lib/gcc/arm-none-eabi/13.3.1/../../../../arm-none-eabi/lib/thumb/v6-m/nofp\libc_nano.a(libc_a-stdio.o) (_close_r)
D:/Program Files/STM32IDE/STM32CubeIDE_1.19.0/STM32CubeIDE/plugins/com.st.stm32cube.ide.mcu.externaltools.gnu-tools-for-stm32.13.3.rel1.win32_1.0.0.202411081344/tools/bin/../lib/gcc/arm-none-eabi/13.3.1/../../../../arm-none-eabi/lib/thumb/v6-m/nofp\libc_nano.a(libc_a-reent.o)
                              D:/Program Files/STM32IDE/STM32CubeIDE_1.19.0/STM32CubeIDE/plugins/com.st.stm32cube.ide.mcu.externaltools.gnu-tools-for-stm32.13.3.rel1.win32_1.0.0.202411081344/tools/bin/../lib/gcc/arm-none-eabi/13.3.1/../../../../arm-none-eabi/lib/thumb/v6-m/nofp\libc_nano.a(libc_a-closer.o) (errno)
D:/Program Files/STM32IDE/STM32CubeIDE_1.19.0/STM32CubeIDE/plugins/com.st.stm32cube.ide.mcu.externaltools.gnu-tools-for-stm32.13.3.rel1.win32_1.0.0.202411081344/tools/bin/../lib/gcc/arm-none-eabi/13.3.1/../../../../arm-none-eabi/lib/thumb/v6-m/nofp\libc_nano.a(libc_a-impure.o)
                              D:/Program Files/STM32IDE/STM32CubeIDE_1.19.0/STM32CubeIDE/plugins/com.st.stm32cube.ide.mcu.externaltools.gnu-tools-for-stm32.13.3.rel1.win32_1.0.0.202411081344/tools/bin/../lib/gcc/arm-none-eabi/13.3.1/../../../../arm-none-eabi/lib/thumb/v6-m/nofp\libc_nano.a(libc_a-reent.o) (_impure_ptr)
[...]
Memory Configuration

Name             Origin             Length             Attributes
RAM              0x20000000         0x00003000         xrw
FLASH            0x08000000         0x00008000         xr
*default*        0x00000000         0xffffffff

Linker script and memory map

LOAD D:/Program Files/STM32IDE/STM32CubeIDE_1.19.0/STM32CubeIDE/plugins/com.st.stm32cube.ide.mcu.externaltools.gnu-tools-for-stm32.13.3.rel1.win32_1.0.0.202411081344/tools/bin/../lib/gcc/arm-none-eabi/13.3.1/thumb/v6-m/nofp/crti.o
LOAD D:/Program Files/STM32IDE/STM32CubeIDE_1.19.0/STM32CubeIDE/plugins/com.st.stm32cube.ide.mcu.externaltools.gnu-tools-for-stm32.13.3.rel1.win32_1.0.0.202411081344/tools/bin/../lib/gcc/arm-none-eabi/13.3.1/thumb/v6-m/nofp/crtbegin.o
LOAD D:/Program Files/STM32IDE/STM32CubeIDE_1.19.0/STM32CubeIDE/plugins/com.st.stm32cube.ide.mcu.externaltools.gnu-tools-for-stm32.13.3.rel1.win32_1.0.0.202411081344/tools/bin/../lib/gcc/arm-none-eabi/13.3.1/../../../../arm-none-eabi/lib/thumb/v6-m/nofp/crt0.o
LOAD ./Src/004InterruptBtn.o
LOAD ./Src/syscalls.o
LOAD ./Src/sysmem.o
LOAD ./Startup/startup_stm32c031c6tx.o
LOAD ./drivers/Src/stm32c031xx_gpio_driver.o
START GROUP
LOAD D:/Program Files/STM32IDE/STM32CubeIDE_1.19.0/STM32CubeIDE/plugins/com.st.stm32cube.ide.mcu.externaltools.gnu-tools-for-stm32.13.3.rel1.win32_1.0.0.202411081344/tools/bin/../lib/gcc/arm-none-eabi/13.3.1/../../../../arm-none-eabi/lib/thumb/v6-m/nofp\libc_nano.a
LOAD D:/Program Files/STM32IDE/STM32CubeIDE_1.19.0/STM32CubeIDE/plugins/com.st.stm32cube.ide.mcu.externaltools.gnu-tools-for-stm32.13.3.rel1.win32_1.0.0.202411081344/tools/bin/../lib/gcc/arm-none-eabi/13.3.1/../../../../arm-none-eabi/lib/thumb/v6-m/nofp\libm.a
END GROUP
START GROUP
LOAD D:/Program Files/STM32IDE/STM32CubeIDE_1.19.0/STM32CubeIDE/plugins/com.st.stm32cube.ide.mcu.externaltools.gnu-tools-for-stm32.13.3.rel1.win32_1.0.0.202411081344/tools/bin/../lib/gcc/arm-none-eabi/13.3.1/thumb/v6-m/nofp\libgcc.a
LOAD D:/Program Files/STM32IDE/STM32CubeIDE_1.19.0/STM32CubeIDE/plugins/com.st.stm32cube.ide.mcu.externaltools.gnu-tools-for-stm32.13.3.rel1.win32_1.0.0.202411081344/tools/bin/../lib/gcc/arm-none-eabi/13.3.1/../../../../arm-none-eabi/lib/thumb/v6-m/nofp\libc_nano.a
END GROUP
START GROUP
LOAD D:/Program Files/STM32IDE/STM32CubeIDE_1.19.0/STM32CubeIDE/plugins/com.st.stm32cube.ide.mcu.externaltools.gnu-tools-for-stm32.13.3.rel1.win32_1.0.0.202411081344/tools/bin/../lib/gcc/arm-none-eabi/13.3.1/thumb/v6-m/nofp\libgcc.a
LOAD D:/Program Files/STM32IDE/STM32CubeIDE_1.19.0/STM32CubeIDE/plugins/com.st.stm32cube.ide.mcu.externaltools.gnu-tools-for-stm32.13.3.rel1.win32_1.0.0.202411081344/tools/bin/../lib/gcc/arm-none-eabi/13.3.1/../../../../arm-none-eabi/lib/thumb/v6-m/nofp\libc_nano.a
LOAD D:/Program Files/STM32IDE/STM32CubeIDE_1.19.0/STM32CubeIDE/plugins/com.st.stm32cube.ide.mcu.externaltools.gnu-tools-for-stm32.13.3.rel1.win32_1.0.0.202411081344/tools/bin/../lib/gcc/arm-none-eabi/13.3.1/../../../../arm-none-eabi/lib/thumb/v6-m/nofp\libnosys.a
END GROUP
START GROUP
LOAD D:/Program Files/STM32IDE/STM32CubeIDE_1.19.0/STM32CubeIDE/plugins/com.st.stm32cube.ide.mcu.externaltools.gnu-tools-for-stm32.13.3.rel1.win32_1.0.0.202411081344/tools/bin/../lib/gcc/arm-none-eabi/13.3.1/thumb/v6-m/nofp\libgcc.a
LOAD D:/Program Files/STM32IDE/STM32CubeIDE_1.19.0/STM32CubeIDE/plugins/com.st.stm32cube.ide.mcu.externaltools.gnu-tools-for-stm32.13.3.rel1.win32_1.0.0.202411081344/tools/bin/../lib/gcc/arm-none-eabi/13.3.1/../../../../arm-none-eabi/lib/thumb/v6-m/nofp\libc_nano.a
LOAD D:/Program Files/STM32IDE/STM32CubeIDE_1.19.0/STM32CubeIDE/plugins/com.st.stm32cube.ide.mcu.externaltools.gnu-tools-for-stm32.13.3.rel1.win32_1.0.0.202411081344/tools/bin/../lib/gcc/arm-none-eabi/13.3.1/../../../../arm-none-eabi/lib/thumb/v6-m/nofp\libnosys.a
END GROUP
LOAD D:/Program Files/STM32IDE/STM32CubeIDE_1.19.0/STM32CubeIDE/plugins/com.st.stm32cube.ide.mcu.externaltools.gnu-tools-for-stm32.13.3.rel1.win32_1.0.0.202411081344/tools/bin/../lib/gcc/arm-none-eabi/13.3.1/thumb/v6-m/nofp/crtend.o
LOAD D:/Program Files/STM32IDE/STM32CubeIDE_1.19.0/STM32CubeIDE/plugins/com.st.stm32cube.ide.mcu.externaltools.gnu-tools-for-stm32.13.3.rel1.win32_1.0.0.202411081344/tools/bin/../lib/gcc/arm-none-eabi/13.3.1/thumb/v6-m/nofp/crtn.o
                0x20003000                        _estack = (ORIGIN (RAM) + LENGTH (RAM))
                0x00000200                        _Min_Heap_Size = 0x200
                0x00000400                        _Min_Stack_Size = 0x400

.isr_vector     0x08000000       0xb4
                0x08000000                        . = ALIGN (0x4)
 *(.isr_vector)
 .isr_vector    0x08000000       0xb4 ./Startup/startup_stm32c031c6tx.o
                0x08000000                g_pfnVectors
                0x080000b4                        . = ALIGN (0x4)

.text           0x080000b4      0x78c
                0x080000b4                        . = ALIGN (0x4)
 *(.text)
 .text          0x080000b4       0x48 D:/Program Files/STM32IDE/STM32CubeIDE_1.19.0/STM32CubeIDE/plugins/com.st.stm32cube.ide.mcu.externaltools.gnu-tools-for-stm32.13.3.rel1.win32_1.0.0.202411081344/tools/bin/../lib/gcc/arm-none-eabi/13.3.1/thumb/v6-m/nofp/crtbegin.o
 *(.text*)
 .text.main     0x080000fc       0x9c ./Src/004InterruptBtn.o
                0x080000fc                main
 .text.EXTI2_3_IRQHandler
                0x08000198       0x20 ./Src/004InterruptBtn.o
                0x08000198                EXTI2_3_IRQHandler
 .text.Reset_Handler
                0x080001b8       0x50 ./Startup/startup_stm32c031c6tx.o
                0x080001b8                Reset_Handler
 .text.Default_Handler
                0x08000208        0x2 ./Startup/startup_stm32c031c6tx.o
                0x08000208                TIM1_CC_IRQHandler
                0x08000208                HardFault_Handler
                0x08000208                SysTick_Handler
                0x08000208                PendSV_Handler
                0x08000208                NMI_Handler
                0x08000208                TIM17_IRQHandler
                0x08000208                RTC_IRQHandler
                0x08000208                SPI_IRQHandler
                0x08000208                DMAMUX_DMA1_Channel4_5_IRQHandler
                0x08000208                TIM16_IRQHandler
                0x08000208                TIM3_IRQHandler
                0x08000208                EXTI4_15_IRQHandler
                0x08000208                RCC_IRQHandler
                0x08000208                DMA1_Channel1_IRQHandler
                0x08000208                Default_Handler
                0x08000208                TIM14_IRQHandler
                0x08000208                ADC_IRQHandler
                0x08000208                EXTI0_1_IRQHandler
                0x08000208                I2C_IRQHandler
                0x08000208                SVC_Handler
                0x08000208                PVM_IRQHandler
                0x08000208                WWDG_IRQHandler
                0x08000208                DMA1_Channel2_3_IRQHandler
                0x08000208                USART2_IRQHandler
                0x08000208                FLASH_IRQHandler
                0x08000208                USART1_IRQHandler
                0x08000208                TIM1_BRK_UP_TRG_COM_IRQHandler
 *fill*         0x0800020a        0x2 
 .text.GPIO_PeriClkCtrl
                0x0800020c      0x110 ./drivers/Src/stm32c031xx_gpio_driver.o
                0x0800020c                GPIO_PeriClkCtrl
 .text.GPIO_Init
                0x0800031c      0x35c ./drivers/Src/stm32c031xx_gpio_driver.o
                0x0800031c                GPIO_Init
 .text.GPIO_ToggleOpPin
                0x08000678       0x2a ./drivers/Src/stm32c031xx_gpio_driver.o
                0x08000678                GPIO_ToggleOpPin
 *fill*         0x080006a2        0x2 
 .text.GPIO_IRQConfig
                0x080006a4       0x58 ./drivers/Src/stm32c031xx_gpio_driver.o
                0x080006a4                GPIO_IRQConfig
 .text.GPIO_IRQPriorityHandling
                0x080006fc       0x74 ./drivers/Src/stm32c031xx_gpio_driver.o
                0x080006fc                GPIO_IRQPriorityHandling
 .text.GPIO_IRQHandling
                0x08000770       0x60 ./drivers/Src/stm32c031xx_gpio_driver.o
                0x08000770                GPIO_IRQHandling
 .text.memset   0x080007d0       0x10 D:/Program Files/STM32IDE/STM32CubeIDE_1.19.0/STM32CubeIDE/plugins/com.st.stm32cube.ide.mcu.externaltools.gnu-tools-for-stm32.13.3.rel1.win32_1.0.0.202411081344/tools/bin/../lib/gcc/arm-none-eabi/13.3.1/../../../../arm-none-eabi/lib/thumb/v6-m/nofp\libc_nano.a(libc_a-memset.o)
                0x080007d0                memset
 .text.__libc_init_array
                0x080007e0       0x48 D:/Program Files/STM32IDE/STM32CubeIDE_1.19.0/STM32CubeIDE/plugins/com.st.stm32cube.ide.mcu.externaltools.gnu-tools-for-stm32.13.3.rel1.win32_1.0.0.202411081344/tools/bin/../lib/gcc/arm-none-eabi/13.3.1/../../../../arm-none-eabi/lib/thumb/v6-m/nofp\libc_nano.a(libc_a-init.o)
                0x080007e0                __libc_init_array
 *(.glue_7)
 .glue_7        0x08000828        0x0 linker stubs
 *(.glue_7t)
 .glue_7t       0x08000828        0x0 linker stubs
 *(.eh_frame)
 .eh_frame      0x08000828        0x0 D:/Program Files/STM32IDE/STM32CubeIDE_1.19.0/STM32CubeIDE/plugins/com.st.stm32cube.ide.mcu.externaltools.gnu-tools-for-stm32.13.3.rel1.win32_1.0.0.202411081344/tools/bin/../lib/gcc/arm-none-eabi/13.3.1/thumb/v6-m/nofp/crtbegin.o
 *(.init)
 .init          0x08000828        0x4 D:/Program Files/STM32IDE/STM32CubeIDE_1.19.0/STM32CubeIDE/plugins/com.st.stm32cube.ide.mcu.externaltools.gnu-tools-for-stm32.13.3.rel1.win32_1.0.0.202411081344/tools/bin/../lib/gcc/arm-none-eabi/13.3.1/thumb/v6-m/nofp/crti.o
                0x08000828                _init
 .init          0x0800082c        0x8 D:/Program Files/STM32IDE/STM32CubeIDE_1.19.0/STM32CubeIDE/plugins/com.st.stm32cube.ide.mcu.externaltools.gnu-tools-for-stm32.13.3.rel1.win32_1.0.0.202411081344/tools/bin/../lib/gcc/arm-none-eabi/13.3.1/thumb/v6-m/nofp/crtn.o
 *(.fini)
 .fini          0x08000834        0x4 D:/Program Files/STM32IDE/STM32CubeIDE_1.19.0/STM32CubeIDE/plugins/com.st.stm32cube.ide.mcu.externaltools.gnu-tools-for-stm32.13.3.rel1.win32_1.0.0.202411081344/tools/bin/../lib/gcc/arm-none-eabi/13.3.1/thumb/v6-m/nofp/crti.o
                0x08000834                _fini
 .fini          0x08000838        0x8 D:/Program Files/STM32IDE/STM32CubeIDE_1.19.0/STM32CubeIDE/plugins/com.st.stm32cube.ide.mcu.externaltools.gnu-tools-for-stm32.13.3.rel1.win32_1.0.0.202411081344/tools/bin/../lib/gcc/arm-none-eabi/13.3.1/thumb/v6-m/nofp/crtn.o
                0x08000840                        . = ALIGN (0x4)
                0x08000840                        _etext = .

.vfp11_veneer   0x08000840        0x0
 .vfp11_veneer  0x08000840        0x0 linker stubs

.v4_bx          0x08000840        0x0
 .v4_bx         0x08000840        0x0 linker stubs

.iplt           0x08000840        0x0
 .iplt          0x08000840        0x0 D:/Program Files/STM32IDE/STM32CubeIDE_1.19.0/STM32CubeIDE/plugins/com.st.stm32cube.ide.mcu.externaltools.gnu-tools-for-stm32.13.3.rel1.win32_1.0.0.202411081344/tools/bin/../lib/gcc/arm-none-eabi/13.3.1/thumb/v6-m/nofp/crtbegin.o

.rodata         0x08000840        0x0
                0x08000840                        . = ALIGN (0x4)
 *(.rodata)
 *(.rodata*)
                0x08000840                        . = ALIGN (0x4)

.ARM.extab      0x08000840        0x0
                0x08000840                        . = ALIGN (0x4)
 *(.ARM.extab* .gnu.linkonce.armextab.*)
                0x08000840                        . = ALIGN (0x4)

.ARM            0x08000840        0x0
                0x08000840                        . = ALIGN (0x4)
                0x08000840                        __exidx_start = .
 *(.ARM.exidx*)
                0x08000840                        __exidx_end = .
                0x08000840                        . = ALIGN (0x4)

.preinit_array  0x08000840        0x0
                0x08000840                        . = ALIGN (0x4)
                0x08000840                        PROVIDE (__preinit_array_start = .)
 *(.preinit_array*)
                0x08000840                        PROVIDE (__preinit_array_end = .)
                0x08000840                        . = ALIGN (0x4)

.init_array     0x08000840        0x4
                0x08000840                        . = ALIGN (0x4)
                0x08000840                        PROVIDE (__init_array_start = .)
 *(SORT_BY_NAME(.init_array.*))
 *(.init_array*)
 .init_array    0x08000840        0x4 D:/Program Files/STM32IDE/STM32CubeIDE_1.19.0/STM32CubeIDE/plugins/com.st.stm32cube.ide.mcu.externaltools.gnu-tools-for-stm32.13.3.rel1.win32_1.0.0.202411081344/tools/bin/../lib/gcc/arm-none-eabi/13.3.1/thumb/v6-m/nofp/crtbegin.o
                0x08000844                        PROVIDE (__init_array_end = .)
                0x08000844                        . = ALIGN (0x4)

.fini_array     0x08000844        0x4
                0x08000844                        . = ALIGN (0x4)
                [!provide]                        PROVIDE (__fini_array_start = .)
 *(SORT_BY_NAME(.fini_array.*))
 *(.fini_array*)
 .fini_array    0x08000844        0x4 D:/Program Files/STM32IDE/STM32CubeIDE_1.19.0/STM32CubeIDE/plugins/com.st.stm32cube.ide.mcu.externaltools.gnu-tools-for-stm32.13.3.rel1.win32_1.0.0.202411081344/tools/bin/../lib/gcc/arm-none-eabi/13.3.1/thumb/v6-m/nofp/crtbegin.o
                [!provide]                        PROVIDE (__fini_array_end = .)
                0x08000848                        . = ALIGN (0x4)
                0x08000848                        _sidata = LOADADDR (.data)

.rel.dyn        0x08000848        0x0
 .rel.iplt      0x08000848        0x0 D:/Program Files/STM32IDE/STM32CubeIDE_1.19.0/STM32CubeIDE/plugins/com.st.stm32cube.ide.mcu.externaltools.gnu-tools-for-stm32.13.3.rel1.win32_1.0.0.202411081344/tools/bin/../lib/gcc/arm-none-eabi/13.3.1/thumb/v6-m/nofp/crtbegin.o

.data           0x20000000        0x0 load address 0x08000848
                0x20000000                        . = ALIGN (0x4)
                0x20000000                        _sdata = .
 *(.data)
 *(.data*)
 *(.RamFunc)
 *(.RamFunc*)
                0x20000000                        . = ALIGN (0x4)
                0x20000000                        _edata = .

.igot.plt       0x20000000        0x0 load address 0x08000848
 .igot.plt      0x20000000        0x0 D:/Program Files/STM32IDE/STM32CubeIDE_1.19.0/STM32CubeIDE/plugins/com.st.stm32cube.ide.mcu.externaltools.gnu-tools-for-stm32.13.3.rel1.win32_1.0.0.202411081344/tools/bin/../lib/gcc/arm-none-eabi/13.3.1/thumb/v6-m/nofp/crtbegin.o
                0x20000000                        . = ALIGN (0x4)

.bss            0x20000000       0x1c load address 0x08000848
                0x20000000                        _sbss = .
                0x20000000                        __bss_start__ = _sbss
 *(.bss)
 .bss           0x20000000       0x1c D:/Program Files/STM32IDE/STM32CubeIDE_1.19.0/STM32CubeIDE/plugins/com.st.stm32cube.ide.mcu.externaltools.gnu-tools-for-stm32.13.3.rel1.win32_1.0.0.202411081344/tools/bin/../lib/gcc/arm-none-eabi/13.3.1/thumb/v6-m/nofp/crtbegin.o
 *(.bss*)
 *(COMMON)
                0x2000001c                        . = ALIGN (0x4)
                0x2000001c                        _ebss = .
                0x2000001c                        __bss_end__ = _ebss

._user_heap_stack
                0x2000001c      0x604 load address 0x08000848
                0x20000020                        . = ALIGN (0x8)
 *fill*         0x2000001c        0x4 
                [!provide]                        PROVIDE (end = .)
                0x20000020                        PROVIDE (_end = .)
                0x20000220                        . = (. + _Min_Heap_Size)
 *fill*         0x20000020      0x200 
                0x20000620                        . = (. + _Min_Stack_Size)
 *fill*         0x20000220      0x400 
                0x20000620                        . = ALIGN (0x8)

/DISCARD/
 libc.a(*)
 libm.a(*)
 libgcc.a(*)

.ARM.attributes
                0x00000000       0x28
 *(.ARM.attributes)
 .ARM.attributes
                0x00000000       0x1e D:/Program Files/STM32IDE/STM32CubeIDE_1.19.0/STM32CubeIDE/plugins/com.st.stm32cube.ide.mcu.externaltools.gnu-tools-for-stm32.13.3.rel1.win32_1.0.0.202411081344/tools/bin/../lib/gcc/arm-none-eabi/13.3.1/thumb/v6-m/nofp/crti.o
 .ARM.attributes
                0x0000001e       0x2c D:/Program Files/STM32IDE/STM32CubeIDE_1.19.0/STM32CubeIDE/plugins/com.st.stm32cube.ide.mcu.externaltools.gnu-tools-for-stm32.13.3.rel1.win32_1.0.0.202411081344/tools/bin/../lib/gcc/arm-none-eabi/13.3.1/thumb/v6-m/nofp/crtbegin.o
 .ARM.attributes
                0x0000004a       0x2c ./Src/004InterruptBtn.o
 .ARM.attributes
                0x00000076       0x22 ./Startup/startup_stm32c031c6tx.o
 .ARM.attributes
                0x00000098       0x2c ./drivers/Src/stm32c031xx_gpio_driver.o
 .ARM.attributes
                0x000000c4       0x2c D:/Program Files/STM32IDE/STM32CubeIDE_1.19.0/STM32CubeIDE/plugins/com.st.stm32cube.ide.mcu.externaltools.gnu-tools-for-stm32.13.3.rel1.win32_1.0.0.202411081344/tools/bin/../lib/gcc/arm-none-eabi/13.3.1/../../../../arm-none-eabi/lib/thumb/v6-m/nofp\libc_nano.a(libc_a-memset.o)
 .ARM.attributes
                0x000000f0       0x2c D:/Program Files/STM32IDE/STM32CubeIDE_1.19.0/STM32CubeIDE/plugins/com.st.stm32cube.ide.mcu.externaltools.gnu-tools-for-stm32.13.3.rel1.win32_1.0.0.202411081344/tools/bin/../lib/gcc/arm-none-eabi/13.3.1/../../../../arm-none-eabi/lib/thumb/v6-m/nofp\libc_nano.a(libc_a-init.o)
 .ARM.attributes
                0x0000011c       0x1e D:/Program Files/STM32IDE/STM32CubeIDE_1.19.0/STM32CubeIDE/plugins/com.st.stm32cube.ide.mcu.externaltools.gnu-tools-for-stm32.13.3.rel1.win32_1.0.0.202411081344/tools/bin/../lib/gcc/arm-none-eabi/13.3.1/thumb/v6-m/nofp/crtn.o
OUTPUT(04_stm32c031xx_drivers.elf elf32-littlearm)
LOAD linker stubs
LOAD D:/Program Files/STM32IDE/STM32CubeIDE_1.19.0/STM32CubeIDE/plugins/com.st.stm32cube.ide.mcu.externaltools.gnu-tools-for-stm32.13.3.rel1.win32_1.0.0.202411081344/tools/bin/../lib/gcc/arm-none-eabi/13.3.1/../../../../arm-none-eabi/lib/thumb/v6-m/nofp\libc.a
LOAD D:/Program Files/STM32IDE/STM32CubeIDE_1.19.0/STM32CubeIDE/plugins/com.st.stm32cube.ide.mcu.externaltools.gnu-tools-for-stm32.13.3.rel1.win32_1.0.0.202411081344/tools/bin/../lib/gcc/arm-none-eabi/13.3.1/../../../../arm-none-eabi/lib/thumb/v6-m/nofp\libm.a
LOAD D:/Program Files/STM32IDE/STM32CubeIDE_1.19.0/STM32CubeIDE/plugins/com.st.stm32cube.ide.mcu.externaltools.gnu-tools-for-stm32.13.3.rel1.win32_1.0.0.202411081344/tools/bin/../lib/gcc/arm-none-eabi/13.3.1/thumb/v6-m/nofp\libgcc.a

.debug_info     0x00000000      0x9e6
 .debug_info    0x00000000      0x2d3 ./Src/004InterruptBtn.o
 .debug_info    0x000002d3       0x30 ./Startup/startup_stm32c031c6tx.o
 .debug_info    0x00000303      0x6e3 ./drivers/Src/stm32c031xx_gpio_driver.o

.debug_abbrev   0x00000000      0x283
 .debug_abbrev  0x00000000      0x101 ./Src/004InterruptBtn.o
 .debug_abbrev  0x00000101       0x24 ./Startup/startup_stm32c031c6tx.o
 .debug_abbrev  0x00000125      0x15e ./drivers/Src/stm32c031xx_gpio_driver.o

.debug_aranges  0x00000000       0xc0
 .debug_aranges
                0x00000000       0x28 ./Src/004InterruptBtn.o
 .debug_aranges
                0x00000028       0x28 ./Startup/startup_stm32c031c6tx.o
 .debug_aranges
                0x00000050       0x70 ./drivers/Src/stm32c031xx_gpio_driver.o

.debug_rnglists
                0x00000000       0x92
 .debug_rnglists
                0x00000000       0x1a ./Src/004InterruptBtn.o
 .debug_rnglists
                0x0000001a       0x19 ./Startup/startup_stm32c031c6tx.o
 .debug_rnglists
                0x00000033       0x5f ./drivers/Src/stm32c031xx_gpio_driver.o

.debug_macro    0x00000000     0x2069
 .debug_macro   0x00000000      0x15f ./Src/004InterruptBtn.o
 .debug_macro   0x0000015f      0xaba ./Src/004InterruptBtn.o
 .debug_macro   0x00000c19       0x22 ./Src/004InterruptBtn.o
 .debug_macro   0x00000c3b       0x8e ./Src/004InterruptBtn.o
 .debug_macro   0x00000cc9       0x51 ./Src/004InterruptBtn.o
 .debug_macro   0x00000d1a      0x103 ./Src/004InterruptBtn.o
 .debug_macro   0x00000e1d       0x6a ./Src/004InterruptBtn.o
 .debug_macro   0x00000e87      0x1df ./Src/004InterruptBtn.o
 .debug_macro   0x00001066      0x293 ./Src/004InterruptBtn.o
 .debug_macro   0x000012f9       0xc4 ./Src/004InterruptBtn.o
 .debug_macro   0x000013bd       0x61 ./Src/004InterruptBtn.o
 .debug_macro   0x0000141e       0x24 ./Src/004InterruptBtn.o
 .debug_macro   0x00001442       0x43 ./Src/004InterruptBtn.o
 .debug_macro   0x00001485       0x34 ./Src/004InterruptBtn.o
 .debug_macro   0x000014b9      0x190 ./Src/004InterruptBtn.o
 .debug_macro   0x00001649      0x370 ./Src/004InterruptBtn.o
 .debug_macro   0x000019b9       0x16 ./Src/004InterruptBtn.o
 .debug_macro   0x000019cf       0x4a ./Src/004InterruptBtn.o
 .debug_macro   0x00001a19       0x34 ./Src/004InterruptBtn.o
 .debug_macro   0x00001a4d       0x10 ./Src/004InterruptBtn.o
 .debug_macro   0x00001a5d       0x58 ./Src/004InterruptBtn.o
 .debug_macro   0x00001ab5       0x8e ./Src/004InterruptBtn.o
 .debug_macro   0x00001b43       0x1c ./Src/004InterruptBtn.o
 .debug_macro   0x00001b5f      0x185 ./Src/004InterruptBtn.o
 .debug_macro   0x00001ce4       0x10 ./Src/004InterruptBtn.o
 .debug_macro   0x00001cf4       0x3c ./Src/004InterruptBtn.o
 .debug_macro   0x00001d30       0x20 ./Src/004InterruptBtn.o
 .debug_macro   0x00001d50       0x80 ./drivers/Src/stm32c031xx_gpio_driver.o
 .debug_macro   0x00001dd0      0x299 ./drivers/Src/stm32c031xx_gpio_driver.o

.debug_line     0x00000000     0x1243
 .debug_line    0x00000000      0x7f2 ./Src/004InterruptBtn.o
 .debug_line    0x000007f2       0x7b ./Startup/startup_stm32c031c6tx.o
 .debug_line    0x0000086d      0x9d6 ./drivers/Src/stm32c031xx_gpio_driver.o

.debug_str      0x00000000     0x8785
 .debug_str     0x00000000     0x8785 ./Src/004InterruptBtn.o
                               0x8735 (size before relaxing)
 .debug_str     0x00008785       0x93 ./Startup/startup_stm32c031c6tx.o
 .debug_str     0x00008785     0x53a0 ./drivers/Src/stm32c031xx_gpio_driver.o

.comment        0x00000000       0x43
 .comment       0x00000000       0x43 ./Src/004InterruptBtn.o
                                 0x44 (size before relaxing)
 .comment       0x00000043       0x44 ./drivers/Src/stm32c031xx_gpio_driver.o

.debug_frame    0x00000000      0x208
 .debug_frame   0x00000000       0x4c ./Src/004InterruptBtn.o
 .debug_frame   0x0000004c      0x170 ./drivers/Src/stm32c031xx_gpio_driver.o
 .debug_frame   0x000001bc       0x20 D:/Program Files/STM32IDE/STM32CubeIDE_1.19.0/STM32CubeIDE/plugins/com.st.stm32cube.ide.mcu.externaltools.gnu-tools-for-stm32.13.3.rel1.win32_1.0.0.202411081344/tools/bin/../lib/gcc/arm-none-eabi/13.3.1/../../../../arm-none-eabi/lib/thumb/v6-m/nofp\libc_nano.a(libc_a-memset.o)
 .debug_frame   0x000001dc       0x2c D:/Program Files/STM32IDE/STM32CubeIDE_1.19.0/STM32CubeIDE/plugins/com.st.stm32cube.ide.mcu.externaltools.gnu-tools-for-stm32.13.3.rel1.win32_1.0.0.202411081344/tools/bin/../lib/gcc/arm-none-eabi/13.3.1/../../../../arm-none-eabi/lib/thumb/v6-m/nofp\libc_nano.a(libc_a-init.o)

.debug_line_str
                0x00000000       0x77
 .debug_line_str
                0x00000000       0x77 ./Startup/startup_stm32c031c6tx.o
